// Jest Snapshot v1, https://goo.gl/fbAQLP

exports[`ComputersManagement matches snapshot 1`] = `
<DocumentFragment>
  <div
    class="container mx-auto p-4"
  >
    <h1
      class="text-2xl font-bold mb-4"
    >
      Supply Management / Laptops
    </h1>
    <div
      class="flex justify-between items-center mb-4"
    >
      <input
        class="flex h-10 w-full rounded-md border border-input bg-background px-3 py-2 text-sm ring-offset-background file:border-0 file:bg-transparent file:text-sm file:font-medium file:text-foreground placeholder:text-muted-foreground focus-visible:outline-none focus-visible:ring-2 focus-visible:ring-ring focus-visible:ring-offset-2 disabled:cursor-not-allowed disabled:opacity-50 max-w-sm"
        placeholder="Search by brand or serial..."
        type="text"
        value=""
      />
      <button
        class="inline-flex items-center justify-center whitespace-nowrap rounded-md text-sm font-medium ring-offset-background transition-colors focus-visible:outline-none focus-visible:ring-2 focus-visible:ring-ring focus-visible:ring-offset-2 disabled:pointer-events-none disabled:opacity-50 bg-primary text-primary-foreground hover:bg-primary/90 h-10 px-4 py-2"
      >
        <svg
          class="lucide lucide-plus mr-2 h-4 w-4"
          fill="none"
          height="24"
          stroke="currentColor"
          stroke-linecap="round"
          stroke-linejoin="round"
          stroke-width="2"
          viewBox="0 0 24 24"
          width="24"
          xmlns="http://www.w3.org/2000/svg"
        >
          <path
            d="M5 12h14"
          />
          <path
            d="M12 5v14"
          />
        </svg>
         Add Laptops
      </button>
    </div>
    <div
      class="relative w-full overflow-auto"
    >
      <table
        class="w-full caption-bottom text-sm"
      >
        <thead
          class="[&_tr]:border-b"
        >
          <tr
            class="border-b transition-colors hover:bg-muted/50 data-[state=selected]:bg-muted"
          >
            <th
              class="h-12 px-4 text-left align-middle font-medium text-muted-foreground [&:has([role=checkbox])]:pr-0"
            >
              Brand
            </th>
            <th
              class="h-12 px-4 text-left align-middle font-medium text-muted-foreground [&:has([role=checkbox])]:pr-0"
            >
              Serial
            </th>
            <th
              class="h-12 px-4 text-left align-middle font-medium text-muted-foreground [&:has([role=checkbox])]:pr-0"
            >
              Status
            </th>
            <th
              class="h-12 px-4 text-left align-middle font-medium text-muted-foreground [&:has([role=checkbox])]:pr-0"
            >
              Actions
            </th>
          </tr>
        </thead>
        <tbody
          class="[&_tr:last-child]:border-0"
        >
          <tr
            class="border-b transition-colors hover:bg-muted/50 data-[state=selected]:bg-muted"
          >
            <td
              class="p-4 align-middle [&:has([role=checkbox])]:pr 1"
            >
              Dell
            </td>
            <td
              class="p-4 align-middle [&:has([role=checkbox])]:pr 1"
            >
              DELL123456
            </td>
            <td
              class="p-4 align-middle [&:has([role=checkbox])]:pr 1"
            >
              <button
                aria-autocomplete="none"
                aria-controls="radix-:r0:"
                aria-expanded="false"
                class="flex h-10 items-center justify-between rounded-md border border-input bg-background px-3 py-2 text-sm ring-offset-background placeholder:text-muted-foreground focus:outline-none focus:ring-2 focus:ring-ring focus:ring-offset-2 disabled:cursor-not-allowed disabled:opacity-50 [&>span]:line-clamp-1 w-[180px]"
                data-state="closed"
                dir="ltr"
                role="combobox"
                type="button"
              >
                <span
                  style="pointer-events: none;"
                >
                  Available
                </span>
                <svg
                  aria-hidden="true"
                  class="lucide lucide-chevron-down h-4 w-4 opacity-50"
                  fill="none"
                  height="24"
                  stroke="currentColor"
                  stroke-linecap="round"
                  stroke-linejoin="round"
                  stroke-width="2"
                  viewBox="0 0 24 24"
                  width="24"
                  xmlns="http://www.w3.org/2000/svg"
                >
                  <path
                    d="m6 9 6 6 6-6"
                  />
                </svg>
              </button>
            </td>
            <td
              class="p-4 align-middle [&:has([role=checkbox])]:pr 1"
            >
              <button
                class="inline-flex items-center justify-center whitespace-nowrap text-sm font-medium ring-offset-background transition-colors focus-visible:outline-none focus-visible:ring-2 focus-visible:ring-ring focus-visible:ring-offset-2 disabled:pointer-events-none disabled:opacity-50 hover:bg-accent hover:text-accent-foreground h-9 rounded-md px-3"
              >
                <svg
                  class="lucide lucide-square-pen h-4 w-4"
                  fill="none"
                  height="24"
                  stroke="currentColor"
                  stroke-linecap="round"
                  stroke-linejoin="round"
                  stroke-width="2"
                  viewBox="0 0 24 24"
                  width="24"
                  xmlns="http://www.w3.org/2000/svg"
                >
                  <path
                    d="M12 3H5a2 2 0 0 0-2 2v14a2 2 0 0 0 2 2h14a2 2 0 0 0 2-2v-7"
                  />
                  <path
                    d="M18.375 2.625a1 1 0 0 1 3 3l-9.013 9.014a2 2 0 0 1-.853.505l-2.873.84a.5.5 0 0 1-.62-.62l.84-2.873a2 2 0 0 1 .506-.852z"
                  />
                </svg>
              </button>
              <button
                class="inline-flex items-center justify-center whitespace-nowrap text-sm font-medium ring-offset-background transition-colors focus-visible:outline-none focus-visible:ring-2 focus-visible:ring-ring focus-visible:ring-offset-2 disabled:pointer-events-none disabled:opacity-50 hover:bg-accent hover:text-accent-foreground h-9 rounded-md px-3"
              >
                <svg
                  class="lucide lucide-trash2 h-4 w-4"
                  fill="none"
                  height="24"
                  stroke="currentColor"
                  stroke-linecap="round"
                  stroke-linejoin="round"
                  stroke-width="2"
                  viewBox="0 0 24 24"
                  width="24"
                  xmlns="http://www.w3.org/2000/svg"
                >
                  <path
                    d="M3 6h18"
                  />
                  <path
                    d="M19 6v14c0 1-1 2-2 2H7c-1 0-2-1-2-2V6"
                  />
                  <path
                    d="M8 6V4c0-1 1-2 2-2h4c1 0 2 1 2 2v2"
                  />
                  <line
                    x1="10"
                    x2="10"
                    y1="11"
                    y2="17"
                  />
                  <line
                    x1="14"
                    x2="14"
                    y1="11"
                    y2="17"
                  />
                </svg>
              </button>
            </td>
          </tr>
          <tr
            class="border-b transition-colors hover:bg-muted/50 data-[state=selected]:bg-muted"
          >
            <td
              class="p-4 align-middle [&:has([role=checkbox])]:pr 1"
            >
              HP
            </td>
            <td
              class="p-4 align-middle [&:has([role=checkbox])]:pr 1"
            >
              HP789012
            </td>
            <td
              class="p-4 align-middle [&:has([role=checkbox])]:pr 1"
            >
              <button
                aria-autocomplete="none"
                aria-controls="radix-:r1:"
                aria-expanded="false"
                class="flex h-10 items-center justify-between rounded-md border border-input bg-background px-3 py-2 text-sm ring-offset-background placeholder:text-muted-foreground focus:outline-none focus:ring-2 focus:ring-ring focus:ring-offset-2 disabled:cursor-not-allowed disabled:opacity-50 [&>span]:line-clamp-1 w-[180px]"
                data-state="closed"
                dir="ltr"
                role="combobox"
                type="button"
              >
                <span
                  style="pointer-events: none;"
                >
                  In use
                </span>
                <svg
                  aria-hidden="true"
                  class="lucide lucide-chevron-down h-4 w-4 opacity-50"
                  fill="none"
                  height="24"
                  stroke="currentColor"
                  stroke-linecap="round"
                  stroke-linejoin="round"
                  stroke-width="2"
                  viewBox="0 0 24 24"
                  width="24"
                  xmlns="http://www.w3.org/2000/svg"
                >
                  <path
                    d="m6 9 6 6 6-6"
                  />
                </svg>
              </button>
            </td>
            <td
              class="p-4 align-middle [&:has([role=checkbox])]:pr 1"
            >
              <button
                class="inline-flex items-center justify-center whitespace-nowrap text-sm font-medium ring-offset-background transition-colors focus-visible:outline-none focus-visible:ring-2 focus-visible:ring-ring focus-visible:ring-offset-2 disabled:pointer-events-none disabled:opacity-50 hover:bg-accent hover:text-accent-foreground h-9 rounded-md px-3"
              >
                <svg
                  class="lucide lucide-square-pen h-4 w-4"
                  fill="none"
                  height="24"
                  stroke="currentColor"
                  stroke-linecap="round"
                  stroke-linejoin="round"
                  stroke-width="2"
                  viewBox="0 0 24 24"
                  width="24"
                  xmlns="http://www.w3.org/2000/svg"
                >
                  <path
                    d="M12 3H5a2 2 0 0 0-2 2v14a2 2 0 0 0 2 2h14a2 2 0 0 0 2-2v-7"
                  />
                  <path
                    d="M18.375 2.625a1 1 0 0 1 3 3l-9.013 9.014a2 2 0 0 1-.853.505l-2.873.84a.5.5 0 0 1-.62-.62l.84-2.873a2 2 0 0 1 .506-.852z"
                  />
                </svg>
              </button>
              <button
                class="inline-flex items-center justify-center whitespace-nowrap text-sm font-medium ring-offset-background transition-colors focus-visible:outline-none focus-visible:ring-2 focus-visible:ring-ring focus-visible:ring-offset-2 disabled:pointer-events-none disabled:opacity-50 hover:bg-accent hover:text-accent-foreground h-9 rounded-md px-3"
              >
                <svg
                  class="lucide lucide-trash2 h-4 w-4"
                  fill="none"
                  height="24"
                  stroke="currentColor"
                  stroke-linecap="round"
                  stroke-linejoin="round"
                  stroke-width="2"
                  viewBox="0 0 24 24"
                  width="24"
                  xmlns="http://www.w3.org/2000/svg"
                >
                  <path
                    d="M3 6h18"
                  />
                  <path
                    d="M19 6v14c0 1-1 2-2 2H7c-1 0-2-1-2-2V6"
                  />
                  <path
                    d="M8 6V4c0-1 1-2 2-2h4c1 0 2 1 2 2v2"
                  />
                  <line
                    x1="10"
                    x2="10"
                    y1="11"
                    y2="17"
                  />
                  <line
                    x1="14"
                    x2="14"
                    y1="11"
                    y2="17"
                  />
                </svg>
              </button>
            </td>
          </tr>
          <tr
            class="border-b transition-colors hover:bg-muted/50 data-[state=selected]:bg-muted"
          >
            <td
              class="p-4 align-middle [&:has([role=checkbox])]:pr 1"
            >
              Lenovo
            </td>
            <td
              class="p-4 align-middle [&:has([role=checkbox])]:pr 1"
            >
              LEN345678
            </td>
            <td
              class="p-4 align-middle [&:has([role=checkbox])]:pr 1"
            >
              <button
                aria-autocomplete="none"
                aria-controls="radix-:r2:"
                aria-expanded="false"
                class="flex h-10 items-center justify-between rounded-md border border-input bg-background px-3 py-2 text-sm ring-offset-background placeholder:text-muted-foreground focus:outline-none focus:ring-2 focus:ring-ring focus:ring-offset-2 disabled:cursor-not-allowed disabled:opacity-50 [&>span]:line-clamp-1 w-[180px]"
                data-state="closed"
                dir="ltr"
                role="combobox"
                type="button"
              >
                <span
                  style="pointer-events: none;"
                >
                  In storage
                </span>
                <svg
                  aria-hidden="true"
                  class="lucide lucide-chevron-down h-4 w-4 opacity-50"
                  fill="none"
                  height="24"
                  stroke="currentColor"
                  stroke-linecap="round"
                  stroke-linejoin="round"
                  stroke-width="2"
                  viewBox="0 0 24 24"
                  width="24"
                  xmlns="http://www.w3.org/2000/svg"
                >
                  <path
                    d="m6 9 6 6 6-6"
                  />
                </svg>
              </button>
            </td>
            <td
              class="p-4 align-middle [&:has([role=checkbox])]:pr 1"
            >
              <button
                class="inline-flex items-center justify-center whitespace-nowrap text-sm font-medium ring-offset-background transition-colors focus-visible:outline-none focus-visible:ring-2 focus-visible:ring-ring focus-visible:ring-offset-2 disabled:pointer-events-none disabled:opacity-50 hover:bg-accent hover:text-accent-foreground h-9 rounded-md px-3"
              >
                <svg
                  class="lucide lucide-square-pen h-4 w-4"
                  fill="none"
                  height="24"
                  stroke="currentColor"
                  stroke-linecap="round"
                  stroke-linejoin="round"
                  stroke-width="2"
                  viewBox="0 0 24 24"
                  width="24"
                  xmlns="http://www.w3.org/2000/svg"
                >
                  <path
                    d="M12 3H5a2 2 0 0 0-2 2v14a2 2 0 0 0 2 2h14a2 2 0 0 0 2-2v-7"
                  />
                  <path
                    d="M18.375 2.625a1 1 0 0 1 3 3l-9.013 9.014a2 2 0 0 1-.853.505l-2.873.84a.5.5 0 0 1-.62-.62l.84-2.873a2 2 0 0 1 .506-.852z"
                  />
                </svg>
              </button>
              <button
                class="inline-flex items-center justify-center whitespace-nowrap text-sm font-medium ring-offset-background transition-colors focus-visible:outline-none focus-visible:ring-2 focus-visible:ring-ring focus-visible:ring-offset-2 disabled:pointer-events-none disabled:opacity-50 hover:bg-accent hover:text-accent-foreground h-9 rounded-md px-3"
              >
                <svg
                  class="lucide lucide-trash2 h-4 w-4"
                  fill="none"
                  height="24"
                  stroke="currentColor"
                  stroke-linecap="round"
                  stroke-linejoin="round"
                  stroke-width="2"
                  viewBox="0 0 24 24"
                  width="24"
                  xmlns="http://www.w3.org/2000/svg"
                >
                  <path
                    d="M3 6h18"
                  />
                  <path
                    d="M19 6v14c0 1-1 2-2 2H7c-1 0-2-1-2-2V6"
                  />
                  <path
                    d="M8 6V4c0-1 1-2 2-2h4c1 0 2 1 2 2v2"
                  />
                  <line
                    x1="10"
                    x2="10"
                    y1="11"
                    y2="17"
                  />
                  <line
                    x1="14"
                    x2="14"
                    y1="11"
                    y2="17"
                  />
                </svg>
              </button>
            </td>
          </tr>
          <tr
            class="border-b transition-colors hover:bg-muted/50 data-[state=selected]:bg-muted"
          >
            <td
              class="p-4 align-middle [&:has([role=checkbox])]:pr 1"
            >
              Apple
            </td>
            <td
              class="p-4 align-middle [&:has([role=checkbox])]:pr 1"
            >
              APP901234
            </td>
            <td
              class="p-4 align-middle [&:has([role=checkbox])]:pr 1"
            >
              <button
                aria-autocomplete="none"
                aria-controls="radix-:r3:"
                aria-expanded="false"
                class="flex h-10 items-center justify-between rounded-md border border-input bg-background px-3 py-2 text-sm ring-offset-background placeholder:text-muted-foreground focus:outline-none focus:ring-2 focus:ring-ring focus:ring-offset-2 disabled:cursor-not-allowed disabled:opacity-50 [&>span]:line-clamp-1 w-[180px]"
                data-state="closed"
                dir="ltr"
                role="combobox"
                type="button"
              >
                <span
                  style="pointer-events: none;"
                >
                  Available
                </span>
                <svg
                  aria-hidden="true"
                  class="lucide lucide-chevron-down h-4 w-4 opacity-50"
                  fill="none"
                  height="24"
                  stroke="currentColor"
                  stroke-linecap="round"
                  stroke-linejoin="round"
                  stroke-width="2"
                  viewBox="0 0 24 24"
                  width="24"
                  xmlns="http://www.w3.org/2000/svg"
                >
                  <path
                    d="m6 9 6 6 6-6"
                  />
                </svg>
              </button>
            </td>
            <td
              class="p-4 align-middle [&:has([role=checkbox])]:pr 1"
            >
              <button
                class="inline-flex items-center justify-center whitespace-nowrap text-sm font-medium ring-offset-background transition-colors focus-visible:outline-none focus-visible:ring-2 focus-visible:ring-ring focus-visible:ring-offset-2 disabled:pointer-events-none disabled:opacity-50 hover:bg-accent hover:text-accent-foreground h-9 rounded-md px-3"
              >
                <svg
                  class="lucide lucide-square-pen h-4 w-4"
                  fill="none"
                  height="24"
                  stroke="currentColor"
                  stroke-linecap="round"
                  stroke-linejoin="round"
                  stroke-width="2"
                  viewBox="0 0 24 24"
                  width="24"
                  xmlns="http://www.w3.org/2000/svg"
                >
                  <path
                    d="M12 3H5a2 2 0 0 0-2 2v14a2 2 0 0 0 2 2h14a2 2 0 0 0 2-2v-7"
                  />
                  <path
                    d="M18.375 2.625a1 1 0 0 1 3 3l-9.013 9.014a2 2 0 0 1-.853.505l-2.873.84a.5.5 0 0 1-.62-.62l.84-2.873a2 2 0 0 1 .506-.852z"
                  />
                </svg>
              </button>
              <button
                class="inline-flex items-center justify-center whitespace-nowrap text-sm font-medium ring-offset-background transition-colors focus-visible:outline-none focus-visible:ring-2 focus-visible:ring-ring focus-visible:ring-offset-2 disabled:pointer-events-none disabled:opacity-50 hover:bg-accent hover:text-accent-foreground h-9 rounded-md px-3"
              >
                <svg
                  class="lucide lucide-trash2 h-4 w-4"
                  fill="none"
                  height="24"
                  stroke="currentColor"
                  stroke-linecap="round"
                  stroke-linejoin="round"
                  stroke-width="2"
                  viewBox="0 0 24 24"
                  width="24"
                  xmlns="http://www.w3.org/2000/svg"
                >
                  <path
                    d="M3 6h18"
                  />
                  <path
                    d="M19 6v14c0 1-1 2-2 2H7c-1 0-2-1-2-2V6"
                  />
                  <path
                    d="M8 6V4c0-1 1-2 2-2h4c1 0 2 1 2 2v2"
                  />
                  <line
                    x1="10"
                    x2="10"
                    y1="11"
                    y2="17"
                  />
                  <line
                    x1="14"
                    x2="14"
                    y1="11"
                    y2="17"
                  />
                </svg>
              </button>
            </td>
          </tr>
          <tr
            class="border-b transition-colors hover:bg-muted/50 data-[state=selected]:bg-muted"
          >
            <td
              class="p-4 align-middle [&:has([role=checkbox])]:pr 1"
            >
              Asus
            </td>
            <td
              class="p-4 align-middle [&:has([role=checkbox])]:pr 1"
            >
              ASUS567890
            </td>
            <td
              class="p-4 align-middle [&:has([role=checkbox])]:pr 1"
            >
              <button
                aria-autocomplete="none"
                aria-controls="radix-:r4:"
                aria-expanded="false"
                class="flex h-10 items-center justify-between rounded-md border border-input bg-background px-3 py-2 text-sm ring-offset-background placeholder:text-muted-foreground focus:outline-none focus:ring-2 focus:ring-ring focus:ring-offset-2 disabled:cursor-not-allowed disabled:opacity-50 [&>span]:line-clamp-1 w-[180px]"
                data-state="closed"
                dir="ltr"
                role="combobox"
                type="button"
              >
                <span
                  style="pointer-events: none;"
                >
                  Stolen
                </span>
                <svg
                  aria-hidden="true"
                  class="lucide lucide-chevron-down h-4 w-4 opacity-50"
                  fill="none"
                  height="24"
                  stroke="currentColor"
                  stroke-linecap="round"
                  stroke-linejoin="round"
                  stroke-width="2"
                  viewBox="0 0 24 24"
                  width="24"
                  xmlns="http://www.w3.org/2000/svg"
                >
                  <path
                    d="m6 9 6 6 6-6"
                  />
                </svg>
              </button>
            </td>
            <td
              class="p-4 align-middle [&:has([role=checkbox])]:pr 1"
            >
              <button
                class="inline-flex items-center justify-center whitespace-nowrap text-sm font-medium ring-offset-background transition-colors focus-visible:outline-none focus-visible:ring-2 focus-visible:ring-ring focus-visible:ring-offset-2 disabled:pointer-events-none disabled:opacity-50 hover:bg-accent hover:text-accent-foreground h-9 rounded-md px-3"
              >
                <svg
                  class="lucide lucide-square-pen h-4 w-4"
                  fill="none"
                  height="24"
                  stroke="currentColor"
                  stroke-linecap="round"
                  stroke-linejoin="round"
                  stroke-width="2"
                  viewBox="0 0 24 24"
                  width="24"
                  xmlns="http://www.w3.org/2000/svg"
                >
                  <path
                    d="M12 3H5a2 2 0 0 0-2 2v14a2 2 0 0 0 2 2h14a2 2 0 0 0 2-2v-7"
                  />
                  <path
                    d="M18.375 2.625a1 1 0 0 1 3 3l-9.013 9.014a2 2 0 0 1-.853.505l-2.873.84a.5.5 0 0 1-.62-.62l.84-2.873a2 2 0 0 1 .506-.852z"
                  />
                </svg>
              </button>
              <button
                class="inline-flex items-center justify-center whitespace-nowrap text-sm font-medium ring-offset-background transition-colors focus-visible:outline-none focus-visible:ring-2 focus-visible:ring-ring focus-visible:ring-offset-2 disabled:pointer-events-none disabled:opacity-50 hover:bg-accent hover:text-accent-foreground h-9 rounded-md px-3"
              >
                <svg
                  class="lucide lucide-trash2 h-4 w-4"
                  fill="none"
                  height="24"
                  stroke="currentColor"
                  stroke-linecap="round"
                  stroke-linejoin="round"
                  stroke-width="2"
                  viewBox="0 0 24 24"
                  width="24"
                  xmlns="http://www.w3.org/2000/svg"
                >
                  <path
                    d="M3 6h18"
                  />
                  <path
                    d="M19 6v14c0 1-1 2-2 2H7c-1 0-2-1-2-2V6"
                  />
                  <path
                    d="M8 6V4c0-1 1-2 2-2h4c1 0 2 1 2 2v2"
                  />
                  <line
                    x1="10"
                    x2="10"
                    y1="11"
                    y2="17"
                  />
                  <line
                    x1="14"
                    x2="14"
                    y1="11"
                    y2="17"
                  />
                </svg>
              </button>
            </td>
          </tr>
        </tbody>
      </table>
    </div>
    <div
      class="flex justify-center mt-4"
    >
      <button
        class="inline-flex items-center justify-center whitespace-nowrap rounded-md text-sm font-medium ring-offset-background transition-colors focus-visible:outline-none focus-visible:ring-2 focus-visible:ring-ring focus-visible:ring-offset-2 disabled:pointer-events-none disabled:opacity-50 bg-primary text-primary-foreground hover:bg-primary/90 h-10 px-4 py-2"
        disabled=""
      >
        Previous
      </button>
      <button
        class="inline-flex items-center justify-center whitespace-nowrap rounded-md text-sm font-medium ring-offset-background transition-colors focus-visible:outline-none focus-visible:ring-2 focus-visible:ring-ring focus-visible:ring-offset-2 disabled:pointer-events-none disabled:opacity-50 bg-primary text-primary-foreground hover:bg-primary/90 h-10 px-4 py-2 mx-1"
      >
        1
      </button>
      <button
        class="inline-flex items-center justify-center whitespace-nowrap rounded-md text-sm font-medium ring-offset-background transition-colors focus-visible:outline-none focus-visible:ring-2 focus-visible:ring-ring focus-visible:ring-offset-2 disabled:pointer-events-none disabled:opacity-50 bg-primary text-primary-foreground hover:bg-primary/90 h-10 px-4 py-2 ml-2"
        disabled=""
      >
        Next
      </button>
    </div>
  </div>
</DocumentFragment>
`;
